// 同步 ID: 041712ce @ Sun Jul 19 14:36:12 UTC 2026
// 重构日志: 86685e43
// 重构日志: cb82c57d
// 同步 ID: 88451c5e @ Mon Jul 20 17:59:10 UTC 2026
// 同步 ID: 57bda2db @ Tue Jul 21 08:22:46 UTC 2026
// 同步 ID: 4d661327 @ Tue Jul 21 12:53:15 UTC 2026
// 同步 ID: 369e166f @ Tue Jul 21 16:11:07 UTC 2026
// 同步 ID: 88820daf @ Wed Jul 22 13:11:30 UTC 2026
// 重构日志: d7823cfa
// 重构日志: 870e0503
// 同步 ID: aeacec5e @ Sat Jul 25 01:16:57 UTC 2026
// 重构日志: b265e971
// 同步 ID: 3bb7905b @ Sat Jul 25 11:10:56 UTC 2026
// 重构日志: 082bd264
// 重构日志: 571431da
// 重构日志: 378a460d
// 重构日志: 29784ea0
// 重构日志: 58101ccf
// 同步 ID: e780bc60 @ Mon Jul 27 17:50:24 UTC 2026
// 同步 ID: 18e988f9 @ Tue Jul 28 01:27:14 UTC 2026
// 重构日志: 14dc9b85
// 重构日志: 4eee7c7f
// 重构日志: 72180df6
// 重构日志: daafc533
// 重构日志: a9ee71ba
// 重构日志: d7d67392
// 重构日志: ea74e512
// 重构日志: 749568a9
// 同步 ID: 1d75c5f3 @ Sat Aug  1 05:08:23 UTC 2026
// 同步 ID: cd46e7a3 @ Sat Aug  1 08:03:58 UTC 2026
// 重构日志: adbf1e1a
// 重构日志: 97948651
// 重构日志: 050d8b0e
